Microsoft Windows [version 10.0.19045.2965]
(c) Microsoft Corporation. Tous droits réservés.

C:\Users\ASUS>firebase login
Already logged in as nhylary12@gmail.com

C:\Users\ASUS>cd FlutterProjects/chat_app

C:\Users\ASUS\FlutterProjects\chat_app>flutterfire configure
i Found 0 Firebase projects.
FirebaseCommandException: An error occured on the Firebase CLI when attempting to run a command.
COMMAND: firebase projects:list --json
ERROR: Failed to list Firebase projects. See firebase-debug.log for more info.

C:\Users\ASUS\FlutterProjects\chat_app>firebase login --reauth

Visit this URL on this device to log in:
https://accounts.google.com/o/oauth2/auth?client_id=563584335869-fgrhgmd47bqnekij5i8b5pr03ho849e6.apps.googleusercontent.com&scope=email%20openid%20https%3A%2F%2Fwww.googleapis.com%2Fauth%2Fcloudplatformprojects.readonly%20https%3A%2F%2Fwww.googleapis.com%2Fauth%2Ffirebase%20https%3A%2F%2Fwww.googleapis.com%2Fauth%2Fcloud-platform&response_type=code&state=787980063&redirect_uri=http%3A%2F%2Flocalhost%3A9005&login_hint=nhylary12%40gmail.com

Waiting for authentication...

+  Success! Logged in as nhylary12@gmail.com

C:\Users\ASUS\FlutterProjects\chat_app>flutterfire configure
i Found 4 Firebase projects.
✔ Select a Firebase project to configure your Flutter application with · flutter-chat-app-9cae0 (flutter-chat-app)
✔ Which platforms should your configuration support (use arrow keys & space to select)? · ios, android
i Firebase android app com.example.chat_app is not registered on Firebase project flutter-chat-app-9cae0.
i Registered a new Firebase android app on Firebase project flutter-chat-app-9cae0.
Unhandled exception:
FormatException: Unexpected character (at line 8, character 1)
{
^

#0      _ChunkedJsonParser.fail (dart:convert-patch/convert_patch.dart:1383:5)
#1      _ChunkedJsonParser.parse (dart:convert-patch/convert_patch.dart:848:48)
#2      _parseJson (dart:convert-patch/convert_patch.dart:35:10)
#3      JsonDecoder.convert (dart:convert/json.dart:610:36)
#4      runFirebaseCommand (package:flutterfire_cli/src/firebase.dart:95:25)
<asynchronous suspension>
#5      getAppSdkConfig (package:flutterfire_cli/src/firebase.dart:198:20)
<asynchronous suspension>
#6      FirebaseAndroidOptions.forFlutterApp (package:flutterfire_cli/src/firebase/firebase_android_options.dart:55:26)
<asynchronous suspension>
#7      ConfigCommand.run (package:flutterfire_cli/src/commands/config.dart:399:24)
<asynchronous suspension>
#8      CommandRunner.runCommand (package:args/command_runner.dart:212:13)
<asynchronous suspension>
#9      main (file:///C:/Users/ASUS/AppData/Local/Pub/Cache/hosted/pub.dev/flutterfire_cli-0.2.7/bin/flutterfire.dart:57:5)
<asynchronous suspension>
i Found 4 Firebase projects.
✔ Select a Firebase project to configure your Flutter application with · flutter-chat-app-9cae0 (flutter-chat-app)
✔ Which platforms should your configuration support (use arrow keys & space to select)? · android, ios
i Firebase android app com.example.chat_app registered.
i Firebase ios app com.example.chatApp is not registered on Firebase project flutter-chat-app-9cae0.
i Registered a new Firebase ios app on Firebase project flutter-chat-app-9cae0.

Firebase configuration file lib\firebase_options.dart generated successfully with the following Firebase apps:

Platform  Firebase App Id
android   1:178933263195:android:00421b674796c558b8887e
ios       1:178933263195:ios:5b8616ab3ba295b3b8887e

Learn more about using this file and next steps from the documentation:
 > https://firebase.google.com/docs/flutter/setup

C:\Users\ASUS\FlutterProjects\chat_app>flutter pub add firebase_core
Resolving dependencies...
  collection 1.17.1 (1.17.2 available)
  file 6.1.4 (7.0.0 available)
+ firebase_core 2.13.1
+ firebase_core_platform_interface 4.8.0
+ firebase_core_web 2.5.0
  google_fonts 4.0.5 (5.0.0 available)
  matcher 0.12.15 (0.12.16 available)
  material_color_utilities 0.2.0 (0.5.0 available)
  source_span 1.9.1 (1.10.0 available)
  test_api 0.5.1 (0.6.0 available)
Changed 3 dependencies!

C:\Users\ASUS\FlutterProjects\chat_app>flutter pub add firebase_auth
Resolving dependencies...
+ _flutterfire_internals 1.3.2
  collection 1.17.1 (1.17.2 available)
  file 6.1.4 (7.0.0 available)
+ firebase_auth 4.6.2
+ firebase_auth_platform_interface 6.15.2
+ firebase_auth_web 5.5.2
  google_fonts 4.0.5 (5.0.0 available)
  matcher 0.12.15 (0.12.16 available)
  material_color_utilities 0.2.0 (0.5.0 available)
  source_span 1.9.1 (1.10.0 available)
  test_api 0.5.1 (0.6.0 available)
Changed 4 dependencies!

C:\Users\ASUS\FlutterProjects\chat_app>flutterfire configure
i Found 4 Firebase projects.
✔ Select a Firebase project to configure your Flutter application with · flutter-chat-app-9cae0 (flutter-chat-app)
✔ Which platforms should your configuration support (use arrow keys & space to select)? · android, ios
i Firebase android app com.example.chat_app registered.
i Firebase ios app com.example.chatApp registered.

Firebase configuration file lib\firebase_options.dart generated successfully with the following Firebase apps:

Platform  Firebase App Id
android   1:178933263195:android:00421b674796c558b8887e
ios       1:178933263195:ios:5b8616ab3ba295b3b8887e

Learn more about using this file and next steps from the documentation:
 > https://firebase.google.com/docs/flutter/setup

C:\Users\ASUS\FlutterProjects\chat_app>https://www.linkedin.com/feed/
